###############################################################################
#                                                                             #
# IAR C/C++ Compiler V8.10.1.10194/W32 for 8051         09/Apr/2020  13:14:36 #
# Copyright 2004-2011 IAR Systems AB.                                         #
#                                                                             #
#    Core               =  plain                                              #
#    Code model         =  banked                                             #
#    Data model         =  large                                              #
#    Calling convention =  xdata reentrant                                    #
#    Constant location  =  data_rom                                           #
#    Dptr setup         =  1,16                                               #
#    Source file        =  C:\Texas Instruments\ZStack-CC2530-2.3.0-1.4.0\Pro #
#                          jects\zstack\Samples\SampleApp _02\Source\MQ_2.C   #
#    Command line       =  -f "C:\Texas Instruments\ZStack-CC2530-2.3.0-1.4.0 #
#                          \Projects\zstack\Samples\SampleApp                 #
#                          _02\CC2530DB\..\..\..\Tools\CC2530DB\f8wEndev.cfg" #
#                           (-DCPU32MHZ -DROOT=__near_func -DBLINK_LEDS) -f   #
#                          "C:\Texas Instruments\ZStack-CC2530-2.3.0-1.4.0\Pr #
#                          ojects\zstack\Samples\SampleApp                    #
#                          _02\CC2530DB\..\..\..\Tools\CC2530DB\f8wConfig.cfg #
#                          " (-DSECURE=0 -DZG_SECURE_DYNAMIC=0 -DREFLECTOR    #
#                          -DDEFAULT_CHANLIST=0x00000800                      #
#                          -DZDAPP_CONFIG_PAN_ID=0xFFFF                       #
#                          -DNWK_START_DELAY=100 -DEXTENDED_JOINING_RANDOM_MA #
#                          SK=0x007F -DBEACON_REQUEST_DELAY=100               #
#                          -DBEACON_REQ_DELAY_MASK=0x00FF                     #
#                          -DROUTE_EXPIRY_TIME=30 -DAPSC_ACK_WAIT_DURATION_PO #
#                          LLED=3000 -DNWK_INDIRECT_MSG_TIMEOUT=7             #
#                          -DMAX_RREQ_ENTRIES=8 -DAPSC_MAX_FRAME_RETRIES=3    #
#                          -DNWK_MAX_DATA_RETRIES=2                           #
#                          -DMAX_POLL_FAILURE_RETRIES=2 -DMAX_BCAST=9         #
#                          -DAPS_MAX_GROUPS=16 -DMAX_RTG_ENTRIES=40           #
#                          -DNWK_MAX_BINDING_ENTRIES=4                        #
#                          -DMAX_BINDING_CLUSTER_IDS=4 "-DDEFAULT_KEY={0x01,  #
#                          0x03, 0x05, 0x07, 0x09, 0x0B, 0x0D, 0x0F, 0x00,    #
#                          0x02, 0x04, 0x06, 0x08, 0x0A, 0x0C, 0x0D}"         #
#                          -DMAC_MAX_FRAME_SIZE=116 "-DCONST=const __code"    #
#                          -DGENERIC=__generic -DRFD_RCVC_ALWAYS_ON=FALSE     #
#                          -DPOLL_RATE=1000 -DQUEUED_POLL_RATE=100            #
#                          -DRESPONSE_POLL_RATE=100) -DREJOIN_POLL_RATE=440   #
#                          "C:\Texas Instruments\ZStack-CC2530-2.3.0-1.4.0\Pr #
#                          ojects\zstack\Samples\SampleApp                    #
#                          _02\Source\MQ_2.C" -D NWK_AUTO_POLL -D ZTOOL_P1    #
#                          -D MT_TASK -D MT_SYS_FUNC -D MT_ZDO_FUNC -D        #
#                          LCD_SUPPORTED=DEBUG -lC "C:\Texas                  #
#                          Instruments\ZStack-CC2530-2.3.0-1.4.0\Projects\zst #
#                          ack\Samples\SampleApp _02\CC2530DB\EndDeviceEB\Lis #
#                          t\" -lA "C:\Texas Instruments\ZStack-CC2530-2.3.0- #
#                          1.4.0\Projects\zstack\Samples\SampleApp            #
#                          _02\CC2530DB\EndDeviceEB\List\" --diag_suppress    #
#                          Pe001,Pa010 -o "C:\Texas                           #
#                          Instruments\ZStack-CC2530-2.3.0-1.4.0\Projects\zst #
#                          ack\Samples\SampleApp _02\CC2530DB\EndDeviceEB\Obj #
#                          \" -e --debug --core=plain --dptr=16,1             #
#                          --data_model=large --code_model=banked             #
#                          --calling_convention=xdata_reentrant               #
#                          --place_constants=data_rom --nr_virtual_regs 16    #
#                          -I "C:\Texas Instruments\ZStack-CC2530-2.3.0-1.4.0 #
#                          \Projects\zstack\Samples\SampleApp _02\CC2530DB\"  #
#                          -I "C:\Texas Instruments\ZStack-CC2530-2.3.0-1.4.0 #
#                          \Projects\zstack\Samples\SampleApp                 #
#                          _02\CC2530DB\..\SOURCE\" -I "C:\Texas              #
#                          Instruments\ZStack-CC2530-2.3.0-1.4.0\Projects\zst #
#                          ack\Samples\SampleApp _02\CC2530DB\..\..\..\ZMAIN\ #
#                          TI2530DB\" -I "C:\Texas Instruments\ZStack-CC2530- #
#                          2.3.0-1.4.0\Projects\zstack\Samples\SampleApp      #
#                          _02\CC2530DB\..\..\..\..\..\COMPONENTS\MT\" -I     #
#                          "C:\Texas Instruments\ZStack-CC2530-2.3.0-1.4.0\Pr #
#                          ojects\zstack\Samples\SampleApp                    #
#                          _02\CC2530DB\..\..\..\..\..\COMPONENTS\HAL\INCLUDE #
#                          \" -I "C:\Texas Instruments\ZStack-CC2530-2.3.0-1. #
#                          4.0\Projects\zstack\Samples\SampleApp              #
#                          _02\CC2530DB\..\..\..\..\..\COMPONENTS\HAL\TARGET\ #
#                          CC2530EB\" -I "C:\Texas Instruments\ZStack-CC2530- #
#                          2.3.0-1.4.0\Projects\zstack\Samples\SampleApp      #
#                          _02\CC2530DB\..\..\..\..\..\COMPONENTS\OSAL\MCU\CC #
#                          SOC\" -I "C:\Texas Instruments\ZStack-CC2530-2.3.0 #
#                          -1.4.0\Projects\zstack\Samples\SampleApp           #
#                          _02\CC2530DB\..\..\..\..\..\COMPONENTS\OSAL\INCLUD #
#                          E\" -I "C:\Texas Instruments\ZStack-CC2530-2.3.0-1 #
#                          .4.0\Projects\zstack\Samples\SampleApp             #
#                          _02\CC2530DB\..\..\..\..\..\COMPONENTS\STACK\AF\"  #
#                          -I "C:\Texas Instruments\ZStack-CC2530-2.3.0-1.4.0 #
#                          \Projects\zstack\Samples\SampleApp                 #
#                          _02\CC2530DB\..\..\..\..\..\COMPONENTS\STACK\NWK\" #
#                           -I "C:\Texas Instruments\ZStack-CC2530-2.3.0-1.4. #
#                          0\Projects\zstack\Samples\SampleApp                #
#                          _02\CC2530DB\..\..\..\..\..\COMPONENTS\STACK\SEC\" #
#                           -I "C:\Texas Instruments\ZStack-CC2530-2.3.0-1.4. #
#                          0\Projects\zstack\Samples\SampleApp                #
#                          _02\CC2530DB\..\..\..\..\..\COMPONENTS\STACK\SAPI\ #
#                          " -I "C:\Texas Instruments\ZStack-CC2530-2.3.0-1.4 #
#                          .0\Projects\zstack\Samples\SampleApp               #
#                          _02\CC2530DB\..\..\..\..\..\COMPONENTS\STACK\SYS\" #
#                           -I "C:\Texas Instruments\ZStack-CC2530-2.3.0-1.4. #
#                          0\Projects\zstack\Samples\SampleApp                #
#                          _02\CC2530DB\..\..\..\..\..\COMPONENTS\STACK\ZDO\" #
#                           -I "C:\Texas Instruments\ZStack-CC2530-2.3.0-1.4. #
#                          0\Projects\zstack\Samples\SampleApp                #
#                          _02\CC2530DB\..\..\..\..\..\COMPONENTS\ZMAC\F8W\"  #
#                          -I "C:\Texas Instruments\ZStack-CC2530-2.3.0-1.4.0 #
#                          \Projects\zstack\Samples\SampleApp                 #
#                          _02\CC2530DB\..\..\..\..\..\COMPONENTS\ZMAC\" -I   #
#                          "C:\Texas Instruments\ZStack-CC2530-2.3.0-1.4.0\Pr #
#                          ojects\zstack\Samples\SampleApp                    #
#                          _02\CC2530DB\..\..\..\..\..\COMPONENTS\SERVICES\SA #
#                          DDR\" -I "C:\Texas Instruments\ZStack-CC2530-2.3.0 #
#                          -1.4.0\Projects\zstack\Samples\SampleApp           #
#                          _02\CC2530DB\..\..\..\..\..\COMPONENTS\SERVICES\SD #
#                          ATA\" -I "C:\Texas Instruments\ZStack-CC2530-2.3.0 #
#                          -1.4.0\Projects\zstack\Samples\SampleApp           #
#                          _02\CC2530DB\..\..\..\..\..\COMPONENTS\MAC\INCLUDE #
#                          \" -I "C:\Texas Instruments\ZStack-CC2530-2.3.0-1. #
#                          4.0\Projects\zstack\Samples\SampleApp              #
#                          _02\CC2530DB\..\..\..\..\..\COMPONENTS\MAC\HIGH_LE #
#                          VEL\" -I "C:\Texas Instruments\ZStack-CC2530-2.3.0 #
#                          -1.4.0\Projects\zstack\Samples\SampleApp           #
#                          _02\CC2530DB\..\..\..\..\..\COMPONENTS\MAC\LOW_LEV #
#                          EL\srf04\" -I "C:\Texas Instruments\ZStack-CC2530- #
#                          2.3.0-1.4.0\Projects\zstack\Samples\SampleApp      #
#                          _02\CC2530DB\..\..\..\..\..\COMPONENTS\MAC\LOW_LEV #
#                          EL\srf04\SINGLE_CHIP\" -Ohz                        #
#    List file          =  C:\Texas Instruments\ZStack-CC2530-2.3.0-1.4.0\Pro #
#                          jects\zstack\Samples\SampleApp                     #
#                          _02\CC2530DB\EndDeviceEB\List\MQ_2.lst             #
#    Object file        =  C:\Texas Instruments\ZStack-CC2530-2.3.0-1.4.0\Pro #
#                          jects\zstack\Samples\SampleApp                     #
#                          _02\CC2530DB\EndDeviceEB\Obj\MQ_2.r51              #
#                                                                             #
#                                                                             #
###############################################################################

C:\Texas Instruments\ZStack-CC2530-2.3.0-1.4.0\Projects\zstack\Samples\SampleApp _02\Source\MQ_2.C
      1          #include <ioCC2530.h>

   \                                 In  segment SFR_AN, at 0xb4
   \   unsigned char volatile __sfr ADCCON1
   \                     ADCCON1:
   \   000000                DS 1

   \                                 In  segment SFR_AN, at 0xb6
   \   unsigned char volatile __sfr ADCCON3
   \                     ADCCON3:
   \   000000                DS 1

   \                                 In  segment SFR_AN, at 0xba
   \   unsigned char volatile __sfr ADCL
   \                     ADCL:
   \   000000                DS 1

   \                                 In  segment SFR_AN, at 0xbb
   \   unsigned char volatile __sfr ADCH
   \                     ADCH:
   \   000000                DS 1

   \                                 In  segment SFR_AN, at 0xf2
   \   unsigned char volatile __sfr ADCCFG
   \                     ADCCFG:
   \   000000                DS 1
      2          #include "MQ_2.H"
      3          

   \                                 In  segment XDATA_Z, align 1, keep-with-next
      4          uint GasData;
   \                     GasData:
   \   000000                DS 2
   \   000002                REQUIRE __INIT_XDATA_Z
      5          uint ReadGasData( void );
      6          void MQInit(uchar TxBuf[5]);
      7          
      8          

   \                                 In  segment BANKED_CODE, align 1, keep-with-next
      9          void DelayMS(uint msec)
   \                     DelayMS:
     10          { 
   \   000000                ; Saved register size: 0
   \   000000                ; Auto size: 0
     11              uint i,j;
     12              
     13              for (i=0; i<msec; i++)
   \   000000   7800         MOV     R0,#0x0
   \   000002   7900         MOV     R1,#0x0
   \   000004   8008         SJMP    ??DelayMS_0
     14                  for (j=0; j<535; j++);
   \                     ??DelayMS_1:
   \   000006   E8           MOV     A,R0
   \   000007   2401         ADD     A,#0x1
   \   000009   08           INC     R0
   \   00000A   E9           MOV     A,R1
   \   00000B   3400         ADDC    A,#0x0
   \   00000D   F9           MOV     R1,A
   \                     ??DelayMS_0:
   \   00000E   C3           CLR     C
   \   00000F   E8           MOV     A,R0
   \   000010   9A           SUBB    A,R2
   \   000011   E9           MOV     A,R1
   \   000012   9B           SUBB    A,R3
   \   000013   40F1         JC      ??DelayMS_1
     15          }
   \   000015   02....       LJMP    ?BRET
     16          
     17          //读取MQ-2 AD转换后的数字量

   \                                 In  segment BANKED_CODE, align 1, keep-with-next
     18          uint ReadGasData( void )
   \                     ReadGasData:
     19          {
   \   000000                ; Saved register size: 0
   \   000000                ; Auto size: 0
     20            uint reading = 0;
     21            
     22            /* Enable channel */
     23            ADCCFG |= 0x40;  
   \   000000   43F240       ORL     0xf2,#0x40
     24            
     25           
     26            /* writing to this register starts the extra conversion */
     27            ADCCON3 = 0x85;       // AVDD5 引脚  00： 64 抽取率(7 位ENOB)  0101： AIN5
   \   000003   75B685       MOV     0xb6,#-0x7b
     28          
     29          
     30            /* Wait for the conversion to be done */
     31            while (!(ADCCON1 & 0x80));
   \                     ??ReadGasData_0:
   \   000006   E5B4         MOV     A,0xb4
   \   000008   A2E7         MOV     C,0xE0 /* A   */.7
   \   00000A   50FA         JNC     ??ReadGasData_0
     32            
     33            /* Disable channel after done conversion */
     34            ADCCFG &= (0x40 ^ 0xFF); //按位异或。如1010^1111=0101（二进制）
   \   00000C   53F2BF       ANL     0xf2,#0xbf
     35            
     36            /* Read the result */
     37            reading = ADCL;
   \   00000F   E5BA         MOV     A,0xba
     38            reading |= (uint) (ADCH << 8); 
     39            
     40            reading >>= 8;
     41            
     42            return (reading);
   \   000011   E5BB         MOV     A,0xbb
   \   000013   FA           MOV     R2,A
   \   000014   E4           CLR     A
   \   000015   FB           MOV     R3,A
   \   000016   02....       LJMP    ?BRET
   \   000019                REQUIRE ADCCFG
   \   000019                REQUIRE ADCCON3
   \   000019                REQUIRE ADCCON1
   \   000019                REQUIRE ADCL
   \   000019                REQUIRE ADCH
     43          }
     44          
     45          

   \                                 In  segment BANKED_CODE, align 1, keep-with-next
     46          void MQInit(uchar TxBuf[5]){
   \                     MQInit:
   \   000000   74F7         MOV     A,#-0x9
   \   000002   12....       LCALL   ?BANKED_ENTER_XDATA
   \   000005                ; Saved register size: 9
   \   000005                ; Auto size: 0
   \   000005   EA           MOV     A,R2
   \   000006   FE           MOV     R6,A
   \   000007   EB           MOV     A,R3
   \   000008   FF           MOV     R7,A
     47              
     48              GasData = ReadGasData();  //读取烟雾传感器引脚上的ad转换值，并没有换算成能表示烟雾浓度的值
   \   000009                ; Setup parameters for call to function ReadGasData
   \   000009   12....       LCALL   ??ReadGasData?relay
   \   00000C   90....       MOV     DPTR,#GasData
   \   00000F   EA           MOV     A,R2
   \   000010   F0           MOVX    @DPTR,A
   \   000011   A3           INC     DPTR
   \   000012   EB           MOV     A,R3
   \   000013   12....       LCALL   ?Subroutine2 & 0xFFFF
     49              //演示如何使用2530芯片的AD功能，更具体在组网中给出
     50              
     51              //读取到的数值转换成字符串，供串口函数输出
     52              TxBuf[0] = GasData / 100 + '0';
   \                     ??CrossCallReturnLabel_2:
   \   000016   7A64         MOV     R2,#0x64
   \   000018   7B00         MOV     R3,#0x0
   \   00001A   12....       LCALL   ?US_DIV_MOD
   \   00001D   E8           MOV     A,R0
   \   00001E   12....       LCALL   ??Subroutine3_0 & 0xFFFF
   \                     ??CrossCallReturnLabel_4:
   \   000021   12....       LCALL   ?Subroutine0 & 0xFFFF
     53              TxBuf[1] = GasData / 10%10 + '0';
   \                     ??CrossCallReturnLabel_0:
   \   000024   12....       LCALL   ?US_DIV_MOD
   \   000027   7A0A         MOV     R2,#0xa
   \   000029   7B00         MOV     R3,#0x0
   \   00002B   12....       LCALL   ?US_DIV_MOD
   \   00002E   12....       LCALL   ?Subroutine1 & 0xFFFF
   \                     ??CrossCallReturnLabel_5:
   \   000031   A3           INC     DPTR
   \   000032   12....       LCALL   ?Subroutine0 & 0xFFFF
     54              TxBuf[2] = GasData % 10 + '0';
   \                     ??CrossCallReturnLabel_1:
   \   000035   12....       LCALL   ?US_DIV_MOD
   \   000038   12....       LCALL   ?Subroutine1 & 0xFFFF
   \                     ??CrossCallReturnLabel_6:
   \   00003B   A3           INC     DPTR
   \   00003C   A3           INC     DPTR
   \   00003D   F0           MOVX    @DPTR,A
     55              //TxBuf[3] = 0;
     56              //TxBuf[4] = 0;
     57          }
   \   00003E   7F01         MOV     R7,#0x1
   \   000040   02....       LJMP    ?BANKED_LEAVE_XDATA

   \                                 In  segment BANKED_CODE, align 1, keep-with-next
   \                     ?Subroutine1:
   \   000000   EA           MOV     A,R2
   \   000001                REQUIRE ??Subroutine3_0
   \   000001                ; // Fall through to label ??Subroutine3_0

   \                                 In  segment BANKED_CODE, align 1, keep-with-next
   \                     ??Subroutine3_0:
   \   000000   2430         ADD     A,#0x30
   \   000002   8E82         MOV     DPL,R6
   \   000004   8F83         MOV     DPH,R7
   \   000006   22           RET

   \                                 In  segment BANKED_CODE, align 1, keep-with-next
   \                     ?Subroutine0:
   \   000000   12....       LCALL   ?Subroutine2 & 0xFFFF
   \                     ??CrossCallReturnLabel_3:
   \   000003   7A0A         MOV     R2,#0xa
   \   000005   7B00         MOV     R3,#0x0
   \   000007   22           RET

   \                                 In  segment BANKED_CODE, align 1, keep-with-next
   \                     ?Subroutine2:
   \   000000   F0           MOVX    @DPTR,A
   \   000001   90....       MOV     DPTR,#GasData
   \   000004   E0           MOVX    A,@DPTR
   \   000005   F8           MOV     R0,A
   \   000006   A3           INC     DPTR
   \   000007   E0           MOVX    A,@DPTR
   \   000008   F9           MOV     R1,A
   \   000009   22           RET

   \                                 In  segment BANK_RELAYS, align 1
   \                     ??DelayMS?relay:
   \   000000   12....       LCALL   ?BDISPATCH
   \   000003   ......       DC24    DelayMS

   \                                 In  segment BANK_RELAYS, align 1
   \                     ??ReadGasData?relay:
   \   000000   12....       LCALL   ?BDISPATCH
   \   000003   ......       DC24    ReadGasData

   \                                 In  segment BANK_RELAYS, align 1
   \                     ??MQInit?relay:
   \   000000   12....       LCALL   ?BDISPATCH
   \   000003   ......       DC24    MQInit

   Maximum stack usage in bytes:

     Function         ISTACK PSTACK XSTACK
     --------         ------ ------ ------
     DelayMS              0      0      0
     MQInit               1      0      9
       -> ReadGasData     0      0     18
     ReadGasData          0      0      9


   Segment part sizes:

     Function/Label      Bytes
     --------------      -----
     ADCCON1                1
     ADCCON3                1
     ADCL                   1
     ADCH                   1
     ADCCFG                 1
     GasData                2
     DelayMS               24
     ReadGasData           25
     MQInit                67
     ?Subroutine1           1
     ??Subroutine3_0        7
     ?Subroutine0           8
     ?Subroutine2          10
     ??DelayMS?relay        6
     ??ReadGasData?relay    6
     ??MQInit?relay         6

 
 142 bytes in segment BANKED_CODE
  18 bytes in segment BANK_RELAYS
   5 bytes in segment SFR_AN
   2 bytes in segment XDATA_Z
 
 160 bytes of CODE  memory
   0 bytes of DATA  memory (+ 5 bytes shared)
   2 bytes of XDATA memory

Errors: none
Warnings: none
